
> clodo-dev-site@1.0.0 prebuild
> npm run lint && npm run type-check && npm run validate:blog && npm run validate:headers && npm run validate:redirects && npm run check-links


> clodo-dev-site@1.0.0 lint
> npm run lint:js && npm run lint:css


> clodo-dev-site@1.0.0 lint:js
> eslint . --ext .js --max-warnings=50


G:\coding\clodo-dev-site\build\analyze-css-changes.js
   31:7   warning  'NEW_CSS_FILES' is assigned a value but never used. Allowed unused vars must match /^_/u     no-unused-vars
   72:10  warning  'extractCSSSelectors' is defined but never used. Allowed unused vars must match /^_/u        no-unused-vars
  118:19  warning  'pattern' is assigned a value but never used. Allowed unused vars must match /^_/u           no-unused-vars
  190:11  warning  'removed' is assigned a value but never used. Allowed unused vars must match /^_/u           no-unused-vars
  207:11  warning  'added' is assigned a value but never used. Allowed unused vars must match /^_/u             no-unused-vars
  298:15  warning  'committedVersion' is assigned a value but never used. Allowed unused vars must match /^_/u  no-unused-vars
  299:15  warning  'currentVersion' is assigned a value but never used. Allowed unused vars must match /^_/u    no-unused-vars

G:\coding\clodo-dev-site\build\demo-service-creation.js
  11:10  warning  'execSync' is defined but never used. Allowed unused vars must match /^_/u  no-unused-vars
  82:68  warning  'index' is defined but never used. Allowed unused args must match /^_/u     no-unused-vars

G:\coding\clodo-dev-site\build\keyword-ranking-tracker.js
  10:8  warning  'https' is defined but never used. Allowed unused vars must match /^_/u  no-unused-vars

G:\coding\clodo-dev-site\build\prod-main-current.js
  93:10  warning  'loadScript' is defined but never used. Allowed unused vars must match /^_/u  no-unused-vars

G:\coding\clodo-dev-site\build\production-main.js
  93:10  warning  'loadScript' is defined but never used. Allowed unused vars must match /^_/u  no-unused-vars

G:\coding\clodo-dev-site\build\seo-performance-test.js
  10:8   warning  'https' is defined but never used. Allowed unused vars must match /^_/u     no-unused-vars
  11:10  warning  'execSync' is defined but never used. Allowed unused vars must match /^_/u  no-unused-vars

G:\coding\clodo-dev-site\build\validate-headers.js
  29:11  warning  'supportedHeaders' is assigned a value but never used. Allowed unused vars must match /^_/u  no-unused-vars
  67:13  warning  'currentPath' is assigned a value but never used. Allowed unused vars must match /^_/u       no-unused-vars

G:\coding\clodo-dev-site\clodo-starter-template\index.js
   93:11  warning  'result1' is assigned a value but never used. Allowed unused vars must match /^_/u              no-unused-vars
   98:11  warning  'result2' is assigned a value but never used. Allowed unused vars must match /^_/u              no-unused-vars
  290:11  warning  'notFoundResult' is assigned a value but never used. Allowed unused vars must match /^_/u       no-unused-vars
  297:11  warning  'invalidMethodResult' is assigned a value but never used. Allowed unused vars must match /^_/u  no-unused-vars
  343:16  warning  'showAllExamples' is defined but never used. Allowed unused vars must match /^_/u               no-unused-vars
  444:11  warning  'usersResult' is assigned a value but never used. Allowed unused vars must match /^_/u          no-unused-vars

G:\coding\clodo-dev-site\functions\api\analytics.js
  29:15  warning  'beaconResponse' is assigned a value but never used. Allowed unused vars must match /^_/u  no-unused-vars
  97:36  warning  'context' is defined but never used. Allowed unused args must match /^_/u                  no-unused-vars

G:\coding\clodo-dev-site\public\js\main.js
  93:10  warning  'loadScript' is defined but never used. Allowed unused vars must match /^_/u  no-unused-vars

G:\coding\clodo-dev-site\tools\delete-web-analytics-site.js
  17:10  warning  'makeRequest' is defined but never used. Allowed unused vars must match /^_/u  no-unused-vars

G:\coding\clodo-dev-site\tools\fix-html-links.js
  68:5  warning  'changedCount' is assigned a value but never used. Allowed unused vars must match /^_/u  no-unused-vars

G:\coding\clodo-dev-site\tools\ping-sitemap.js
  32:7  warning  'INDEXNOW_ENDPOINT' is assigned a value but never used. Allowed unused vars must match /^_/u  no-unused-vars

G:\coding\clodo-dev-site\tools\run-lighthouse-audit.js
  12:47  warning  'writeFileSync' is defined but never used. Allowed unused vars must match /^_/u  no-unused-vars

Γ£û 29 problems (0 errors, 29 warnings)


> clodo-dev-site@1.0.0 lint:css
> stylelint "public/**/*.css" --ignore-pattern "public/styles.css"

node.exe : 
At C:\Program Files\nodejs\npm.ps1:29 char:3
+   & $NODE_EXE $NPM_CLI_JS $args
+   ~~~~~~~~~~~~~~~~~~~~~~~~~~~~~
    + CategoryInfo          : NotSpecified: (:String) [], RemoteException
    + FullyQualifiedErrorId : NativeCommandError
 
public/css/base.css
  [2m695:5[22m   [33m[33mΓÜá[39m  Expected empty line before comment                                                          
[2mcomment-empty-line-before[22m
  [2m847:1[22m   [33m[33mΓÜá[39m  Expected selector "p" to come before selector "blockquote p", at line 790                   
[2mno-descending-specificity[22m
  [2m853:1[22m   [33m[33mΓÜá[39m  Expected selector "p" to come before selector "blockquote p", at line 790                   
[2mno-descending-specificity[22m
  [2m948:1[22m   [33m[33mΓÜá[39m  Expected empty line before comment                                                          
[2mcomment-empty-line-before[22m
  [2m951:1[22m   [33m[33mΓÜá[39m  Expected empty line before comment                                                          
[2mcomment-empty-line-before[22m
  [2m955:1[22m   [33m[33mΓÜá[39m  Expected empty line before comment                                                          
[2mcomment-empty-line-before[22m
  [2m958:1[22m   [33m[33mΓÜá[39m  Expected selector "input" to come before selector "input:focus-visible", at line 928        
[2mno-descending-specificity[22m
  [2m958:8[22m   [33m[33mΓÜá[39m  Expected selector "textarea" to come before selector "textarea:focus-visible", at line 928  
[2mno-descending-specificity[22m
  [2m958:18[22m  [33m[33mΓÜá[39m  Expected selector "select" to come before selector "select:focus-visible", at line 928      
[2mno-descending-specificity[22m
  [2m958:26[22m  [33m[33mΓÜá[39m  Expected selector "button" to come before selector "button:focus-visible", at line 928      
[2mno-descending-specificity[22m
  [2m964:1[22m   [33m[33mΓÜá[39m  Expected selector "button" to come before selector "button:focus-visible", at line 928      
[2mno-descending-specificity[22m

public/css/components-common.css
  [2m164:5[22m   [33m[33mΓÜá[39m  Expected empty line before comment                                                                         
                [2mcomment-empty-line-before[22m
  [2m274:1[22m   [33m[33mΓÜá[39m  Expected selector ".btn--loading .btn-spinner" to come before selector ".btn[aria-busy="true"] 
.btn-spinner", at line 147  [2mno-descending-specificity[22m
  [2m527:8[22m   [33m[33mΓÜá[39m  Expected no more than 1 declaration                                                                        
                [2mdeclaration-block-single-line-max-declarations[22m
  [2m529:10[22m  [33m[33mΓÜá[39m  Expected no more than 1 declaration                                                                        
                [2mdeclaration-block-single-line-max-declarations[22m

public/css/components-deferred.css
  [2m153:1[22m  [33m[33mΓÜá[39m  Expected selector ".code-preview__dot" to come before selector ".code-preview__dot:hover", at line 15  
[2mno-descending-specificity[22m

public/css/components-page-specific.css
   [2m323:1[22m  [33m[33mΓÜá[39m  Expected selector ".scenario h4" to come before selector ".getting-started-steps .step h4", at line 288    
                   [2mno-descending-specificity[22m
   [2m356:1[22m  [33m[33mΓÜá[39m  Expected selector ".decision-factor h4" to come before selector ".getting-started-steps .step h4", at line 
288                [2mno-descending-specificity[22m
   [2m363:1[22m  [33m[33mΓÜá[39m  Expected selector ".decision-factor p" to come before selector ".getting-started-steps .step p", at line 
294                  [2mno-descending-specificity[22m
   [2m412:1[22m  [33m[33mΓÜá[39m  Expected selector ".hybrid-step h4" to come before selector ".getting-started-steps .step h4", at line 288 
                   [2mno-descending-specificity[22m
   [2m418:1[22m  [33m[33mΓÜá[39m  Expected selector ".hybrid-step p" to come before selector ".getting-started-steps .step p", at line 294   
                   [2mno-descending-specificity[22m
   [2m440:1[22m  [33m[33mΓÜá[39m  Expected selector ".platform-start h4" to come before selector ".getting-started-steps .step h4", at line 
288                 [2mno-descending-specificity[22m
   [2m519:1[22m  [33m[33mΓÜá[39m  Expected selector ".ecosystem h3" to come before selector ".deployment-strategies .strategy h3", at line 
462                  [2mno-descending-specificity[22m
   [2m602:1[22m  [33m[33mΓÜá[39m  Expected selector ".dev-aspect h3" to come before selector ".deployment-strategies .strategy h3", at line 
462                 [2mno-descending-specificity[22m
   [2m648:1[22m  [33m[33mΓÜá[39m  Expected selector ".perf-metric h3" to come before selector ".deployment-strategies .strategy h3", at line 
462                [2mno-descending-specificity[22m
   [2m714:1[22m  [33m[33mΓÜá[39m  Expected empty line before comment                                                                         
                   [2mcomment-empty-line-before[22m
   [2m860:1[22m  [33m[33mΓÜá[39m  Expected selector ".newsletter-form .form-consent-text a" to come before selector ".reading-item h4 
a:hover", at line 35      [2mno-descending-specificity[22m
   [2m880:1[22m  [33m[33mΓÜá[39m  Expected selector ".newsletter-form .consent a" to come before selector ".reading-item h4 a:hover", at 
line 35                [2mno-descending-specificity[22m
   [2m916:1[22m  [33m[33mΓÜá[39m  Expected empty line before comment                                                                         
                   [2mcomment-empty-line-before[22m
   [2m994:1[22m  [33m[33mΓÜá[39m  Expected selector ".footer-section p" to come before selector ".getting-started-steps .step p", at line 
294                   [2mno-descending-specificity[22m
  [2m1001:1[22m  [33m[33mΓÜá[39m  Expected selector ".footer-section h4" to come before selector ".getting-started-steps .step h4", at line 
288                 [2mno-descending-specificity[22m
  [2m1022:1[22m  [33m[33mΓÜá[39m  Expected selector ".footer-section ul" to come before selector ".aspect-comparison .aspect-item ul", at 
line 628              [2mno-descending-specificity[22m
  [2m1028:1[22m  [33m[33mΓÜá[39m  Expected selector ".footer-section li" to come before selector ".aspect-comparison .aspect-item li", at 
line 633              [2mno-descending-specificity[22m
  [2m1046:1[22m  [33m[33mΓÜá[39m  Expected selector ".footer-section a" to come before selector ".reading-item h4 a", at line 29             
                   [2mno-descending-specificity[22m
  [2m1055:1[22m  [33m[33mΓÜá[39m  Expected selector ".footer-section a:hover" to come before selector ".reading-item h4 a:hover", at line 35 
                   [2mno-descending-specificity[22m
  [2m1082:1[22m  [33m[33mΓÜá[39m  Expected selector ".social-links a" to come before selector ".reading-item h4 a", at line 29               
                   [2mno-descending-specificity[22m
  [2m1097:1[22m  [33m[33mΓÜá[39m  Expected selector ".social-links a::before" to come before selector ".footer-section a:hover::before", at 
line 1071           [2mno-descending-specificity[22m
  [2m1106:1[22m  [33m[33mΓÜá[39m  Expected selector ".social-links a:hover" to come before selector ".reading-item h4 a:hover", at line 35   
                   [2mno-descending-specificity[22m
  [2m1126:1[22m  [33m[33mΓÜá[39m  Expected selector ".footer-bottom p" to come before selector ".getting-started-steps .step p", at line 294 
                   [2mno-descending-specificity[22m
  [2m1133:1[22m  [33m[33mΓÜá[39m  Expected selector ".footer-bottom a" to come before selector ".reading-item h4 a", at line 29              
                   [2mno-descending-specificity[22m
  [2m1141:1[22m  [33m[33mΓÜá[39m  Expected selector ".footer-bottom a:hover" to come before selector ".reading-item h4 a:hover", at line 35  
                   [2mno-descending-specificity[22m
  [2m1145:1[22m  [33m[33mΓÜá[39m  Expected selector ".footer-bottom a::before" to come before selector ".footer-section a:hover::before", at 
line 1071          [2mno-descending-specificity[22m
  [2m1189:1[22m  [33m[33mΓÜá[39m  Expected selector ".footer-newsletter h4" to come before selector ".getting-started-steps .step h4", at 
line 288              [2mno-descending-specificity[22m
  [2m1210:1[22m  [33m[33mΓÜá[39m  Expected selector ".footer-newsletter .form-input" to come before selector ".newsletter-form 
.form-input:focus", at line 811  [2mno-descending-specificity[22m
  [2m1262:1[22m  [33m[33mΓÜá[39m  Expected selector ".footer-newsletter .consent a" to come before selector ".reading-item h4 a:hover", at 
line 35              [2mno-descending-specificity[22m
  [2m1371:9[22m  [33m[33mΓÜá[39m  Unexpected unknown media feature name "min-device-pixel-ratio"                                             
                   [2mmedia-feature-name-no-unknown[22m
  [2m1394:1[22m  [33m[33mΓÜá[39m  Expected selector ".btn:focus-visible" to come before selector ".footer-newsletter .btn:hover", at line 
1236                  [2mno-descending-specificity[22m
  [2m1395:1[22m  [33m[33mΓÜá[39m  Expected selector ".form-input:focus-visible" to come before selector ".newsletter-form 
.form-input:focus", at line 811       [2mno-descending-specificity[22m
  [2m1396:1[22m  [33m[33mΓÜá[39m  Expected selector ".social-links a:focus-visible" to come before selector ".reading-item h4 a:hover", at 
line 35              [2mno-descending-specificity[22m
  [2m1433:1[22m  [33m[33mΓÜá[39m  Expected empty line before comment                                                                         
                   [2mcomment-empty-line-before[22m

public/css/components-reusable.css
   [2m80:1[22m  [33m[33mΓÜá[39m  Expected selector ".nav-section ul" to come before selector ".table-of-contents nav ul", at line 28         
           [2mno-descending-specificity[22m
   [2m86:1[22m  [33m[33mΓÜá[39m  Expected selector ".nav-section li" to come before selector ".table-of-contents nav li", at line 34         
           [2mno-descending-specificity[22m
   [2m90:1[22m  [33m[33mΓÜá[39m  Expected selector ".nav-section a" to come before selector ".table-of-contents nav a", at line 47           
           [2mno-descending-specificity[22m
  [2m100:1[22m  [33m[33mΓÜá[39m  Expected selector ".nav-section a:hover" to come before selector ".table-of-contents nav a:hover", at line 
57          [2mno-descending-specificity[22m
  [2m104:1[22m  [33m[33mΓÜá[39m  Expected selector ".nav-section a:focus" to come before selector ".table-of-contents nav a:hover", at line 
57          [2mno-descending-specificity[22m
  [2m120:1[22m  [33m[33mΓÜá[39m  Expected selector ".toc-categories-grid li a" to come before selector ".table-of-contents nav a:hover", at 
line 57     [2mno-descending-specificity[22m
  [2m253:1[22m  [33m[33mΓÜá[39m  Expected selector ".related-card h3" to come before selector ".related-content-inline .content-item h3", at 
line 183   [2mno-descending-specificity[22m
  [2m260:1[22m  [33m[33mΓÜá[39m  Expected selector ".related-card h3 a" to come before selector ".table-of-contents nav a:hover", at line 57 
           [2mno-descending-specificity[22m
  [2m269:1[22m  [33m[33mΓÜá[39m  Expected selector ".related-card p" to come before selector ".related-content-inline .content-item p", at 
line 188     [2mno-descending-specificity[22m
  [2m316:1[22m  [33m[33mΓÜá[39m  Expected selector ".resource-card h3" to come before selector ".related-content-inline .content-item h3", 
at line 183  [2mno-descending-specificity[22m
  [2m326:1[22m  [33m[33mΓÜá[39m  Expected selector ".resource-card ul" to come before selector ".table-of-contents nav ul", at line 28       
           [2mno-descending-specificity[22m
  [2m332:1[22m  [33m[33mΓÜá[39m  Expected selector ".resource-card li" to come before selector ".table-of-contents nav li", at line 34       
           [2mno-descending-specificity[22m
  [2m336:1[22m  [33m[33mΓÜá[39m  Expected selector ".resource-card a" to come before selector ".table-of-contents nav a", at line 47         
           [2mno-descending-specificity[22m
  [2m342:1[22m  [33m[33mΓÜá[39m  Expected selector ".resource-card a:hover" to come before selector ".table-of-contents nav a:hover", at 
line 57        [2mno-descending-specificity[22m

public/css/components.css
    [2m17:1[22m   [33m[33mΓÜá[39m  Expected empty line before comment                                                                        
                     [2mcomment-empty-line-before[22m
    [2m52:1[22m   [33m[33mΓÜá[39m  Expected empty line before comment                                                                        
                     [2mcomment-empty-line-before[22m
   [2m167:1[22m   [33m[33mΓÜá[39m  Expected selector ".form-label" to come before selector ".form-group--focused .form-label", at line 161   
                     [2mno-descending-specificity[22m
   [2m183:8[22m   [33m[33mΓÜá[39m  Expected no more than 1 declaration                                                                       
                     [2mdeclaration-block-single-line-max-declarations[22m
   [2m185:10[22m  [33m[33mΓÜá[39m  Expected no more than 1 declaration                                                                       
                     [2mdeclaration-block-single-line-max-declarations[22m
   [2m765:8[22m   [33m[33mΓÜá[39m  Expected no more than 1 declaration                                                                       
                     [2mdeclaration-block-single-line-max-declarations[22m
   [2m766:9[22m   [33m[33mΓÜá[39m  Expected no more than 1 declaration                                                                       
                     [2mdeclaration-block-single-line-max-declarations[22m
   [2m767:10[22m  [33m[33mΓÜá[39m  Expected no more than 1 declaration                                                                       
                     [2mdeclaration-block-single-line-max-declarations[22m
  [2m1228:1[22m   [33m[33mΓÜá[39m  Expected selector ".reading-item h4 a" to come before selector ".breadcrumb-item:last-child a", at line 
250                    [2mno-descending-specificity[22m
  [2m1522:1[22m   [33m[33mΓÜá[39m  Expected selector ".scenario h4" to come before selector ".getting-started-steps .step h4", at line 1487  
                     [2mno-descending-specificity[22m
  [2m1555:1[22m   [33m[33mΓÜá[39m  Expected selector ".decision-factor h4" to come before selector ".getting-started-steps .step h4", at 
line 1487                [2mno-descending-specificity[22m
  [2m1562:1[22m   [33m[33mΓÜá[39m  Expected selector ".decision-factor p" to come before selector ".getting-started-steps .step p", at line 
1493                  [2mno-descending-specificity[22m
  [2m1611:1[22m   [33m[33mΓÜá[39m  Expected selector ".hybrid-step h4" to come before selector ".getting-started-steps .step h4", at line 
1487                    [2mno-descending-specificity[22m
  [2m1617:1[22m   [33m[33mΓÜá[39m  Expected selector ".hybrid-step p" to come before selector ".getting-started-steps .step p", at line 1493 
                     [2mno-descending-specificity[22m
  [2m1639:1[22m   [33m[33mΓÜá[39m  Expected selector ".platform-start h4" to come before selector ".getting-started-steps .step h4", at line 
1487                 [2mno-descending-specificity[22m
  [2m1718:1[22m   [33m[33mΓÜá[39m  Expected selector ".ecosystem h3" to come before selector ".deployment-strategies .strategy h3", at line 
1661                  [2mno-descending-specificity[22m
  [2m1801:1[22m   [33m[33mΓÜá[39m  Expected selector ".dev-aspect h3" to come before selector ".deployment-strategies .strategy h3", at line 
1661                 [2mno-descending-specificity[22m
  [2m1847:1[22m   [33m[33mΓÜá[39m  Expected selector ".perf-metric h3" to come before selector ".deployment-strategies .strategy h3", at 
line 1661                [2mno-descending-specificity[22m
  [2m1913:1[22m   [33m[33mΓÜá[39m  Expected empty line before comment                                                                        
                     [2mcomment-empty-line-before[22m
  [2m1980:1[22m   [33m[33mΓÜá[39m  Expected selector ".spinner" to come before selector ".loading-overlay .spinner", at line 669             
                     [2mno-descending-specificity[22m
  [2m2086:1[22m   [33m[33mΓÜá[39m  Expected selector ".newsletter-form .form-consent-text a" to come before selector ".reading-item h4 
a:hover", at line 1234     [2mno-descending-specificity[22m
  [2m2106:1[22m   [33m[33mΓÜá[39m  Expected selector ".newsletter-form .consent a" to come before selector ".reading-item h4 a:hover", at 
line 1234               [2mno-descending-specificity[22m
  [2m2253:1[22m   [33m[33mΓÜá[39m  Expected selector ".footer-section p" to come before selector ".getting-started-steps .step p", at line 
1493                   [2mno-descending-specificity[22m
  [2m2260:1[22m   [33m[33mΓÜá[39m  Expected selector ".footer-section h4" to come before selector ".getting-started-steps .step h4", at line 
1487                 [2mno-descending-specificity[22m
  [2m2281:1[22m   [33m[33mΓÜá[39m  Expected selector ".footer-section ul" to come before selector ".aspect-comparison .aspect-item ul", at 
line 1827              [2mno-descending-specificity[22m
  [2m2287:1[22m   [33m[33mΓÜá[39m  Expected selector ".footer-section li" to come before selector ".aspect-comparison .aspect-item li", at 
line 1832              [2mno-descending-specificity[22m
  [2m2305:1[22m   [33m[33mΓÜá[39m  Expected selector ".footer-section a" to come before selector ".breadcrumb-item:last-child a", at line 
250                     [2mno-descending-specificity[22m
  [2m2314:1[22m   [33m[33mΓÜá[39m  Expected selector ".footer-section a:hover" to come before selector ".reading-item h4 a:hover", at line 
1234                   [2mno-descending-specificity[22m
  [2m2341:1[22m   [33m[33mΓÜá[39m  Expected selector ".social-links a" to come before selector ".breadcrumb-item:last-child a", at line 250  
                     [2mno-descending-specificity[22m
  [2m2356:1[22m   [33m[33mΓÜá[39m  Expected selector ".social-links a::before" to come before selector ".footer-section a:hover::before", at 
line 2330            [2mno-descending-specificity[22m
  [2m2365:1[22m   [33m[33mΓÜá[39m  Expected selector ".social-links a:hover" to come before selector ".reading-item h4 a:hover", at line 
1234                     [2mno-descending-specificity[22m
  [2m2385:1[22m   [33m[33mΓÜá[39m  Expected selector ".footer-bottom p" to come before selector ".getting-started-steps .step p", at line 
1493                    [2mno-descending-specificity[22m
  [2m2392:1[22m   [33m[33mΓÜá[39m  Expected selector ".footer-bottom a" to come before selector ".breadcrumb-item:last-child a", at line 250 
                     [2mno-descending-specificity[22m
  [2m2400:1[22m   [33m[33mΓÜá[39m  Expected selector ".footer-bottom a:hover" to come before selector ".reading-item h4 a:hover", at line 
1234                    [2mno-descending-specificity[22m
  [2m2404:1[22m   [33m[33mΓÜá[39m  Expected selector ".footer-bottom a::before" to come before selector ".footer-section a:hover::before", 
at line 2330           [2mno-descending-specificity[22m
  [2m2448:1[22m   [33m[33mΓÜá[39m  Expected selector ".footer-newsletter h4" to come before selector ".getting-started-steps .step h4", at 
line 1487              [2mno-descending-specificity[22m
  [2m2469:1[22m   [33m[33mΓÜá[39m  Expected selector ".footer-newsletter .form-input" to come before selector ".newsletter-form 
.form-input:focus", at line 2037  [2mno-descending-specificity[22m
  [2m2521:1[22m   [33m[33mΓÜá[39m  Expected selector ".footer-newsletter .consent a" to come before selector ".reading-item h4 a:hover", at 
line 1234             [2mno-descending-specificity[22m
  [2m2630:9[22m   [33m[33mΓÜá[39m  Unexpected unknown media feature name "min-device-pixel-ratio"                                            
                     [2mmedia-feature-name-no-unknown[22m
  [2m2653:1[22m   [33m[33mΓÜá[39m  Expected selector ".btn:focus-visible" to come before selector ".footer-newsletter .btn:hover", at line 
2495                   [2mno-descending-specificity[22m
  [2m2654:1[22m   [33m[33mΓÜá[39m  Expected selector ".form-input:focus-visible" to come before selector ".newsletter-form 
.form-input:focus", at line 2037       [2mno-descending-specificity[22m
  [2m2655:1[22m   [33m[33mΓÜá[39m  Expected selector ".social-links a:focus-visible" to come before selector ".reading-item h4 a:hover", at 
line 1234             [2mno-descending-specificity[22m
  [2m2692:1[22m   [33m[33mΓÜá[39m  Expected empty line before comment                                                                        
                     [2mcomment-empty-line-before[22m

public/css/hero-decorations.css
  [2m91:29[22m  [33m[33mΓÜá[39m  Expected no more than 1 declaration  [2mdeclaration-block-single-line-max-declarations[22m

public/css/layout.css
  [2m425:5[22m  [33m[33mΓÜá[39m  Expected empty line before comment  [2mcomment-empty-line-before[22m

public/css/utilities.css
  [2m32:5[22m   [33m[33mΓÜá[39m  Unexpected deprecated property "clip"  [2mproperty-no-deprecated[22m
  [2m53:5[22m   [33m[33mΓÜá[39m  Unexpected deprecated property "clip"  [2mproperty-no-deprecated[22m
  [2m62:30[22m  [33m[33mΓÜá[39m  Unexpected hex color "#111"            [2mcolor-no-hex[22m
  [2m69:29[22m  [33m[33mΓÜá[39m  Expected no more than 1 declaration    [2mdeclaration-block-single-line-max-declarations[22m
  [2m70:1[22m   [33m[33mΓÜá[39m  Expected empty line before rule        [2mrule-empty-line-before[22m

public/css/components/buttons.css
  [2m189:1[22m  [33m[33mΓÜá[39m  Expected selector ".btn:focus-visible" to come before selector ".btn:hover:not(:disabled)", at line 178  
[2mno-descending-specificity[22m

public/css/global/footer.css
  [2m200:17[22m  [33m[33mΓÜá[39m  Unexpected unknown value "linear-gradient(90deg,          transparent,          rgb(255 255 255 / 20%) 
20%,          rgb(6, 182, 212 / 20%) 50%,          rgb(255 255 255 / 20%) 80%,          transparent)" for property "background"  
[2mdeclaration-property-value-no-unknown[22m
  [2m217:1[22m   [33m[33mΓÜá[39m  Expected selector ".footer-nav a" to come before selector ".footer-section a:focus-visible", at line 177   
                                                                                                                             
[2mno-descending-specificity[22m
  [2m223:1[22m   [33m[33mΓÜá[39m  Expected selector ".footer-bottom a" to come before selector ".footer-section a:focus-visible", at line 
177                                                                                                                             
[2mno-descending-specificity[22m
  [2m230:1[22m   [33m[33mΓÜá[39m  Expected selector ".consent-section a" to come before selector ".footer-section a:focus-visible", at line 
177                                                                                                                           
[2mno-descending-specificity[22m
  [2m251:5[22m   [33m[33mΓÜá[39m  Expected empty line before comment                                                                         
                                                                                                                             
[2mcomment-empty-line-before[22m
  [2m255:5[22m   [33m[33mΓÜá[39m  Unexpected empty line before declaration                                                                   
                                                                                                                             
[2mdeclaration-empty-line-before[22m
  [2m425:19[22m  [33m[33mΓÜá[39m  Unexpected unknown value "rgb(6, 182, 212 / 30%)" for property "border-color"                              
                                                                                                                             
[2mdeclaration-property-value-no-unknown[22m
  [2m441:1[22m   [33m[33mΓÜá[39m  Expected selector ".benefit-text p" to come before selector ".footer-section:hover p", at line 306         
                                                                                                                             
[2mno-descending-specificity[22m
  [2m447:1[22m   [33m[33mΓÜá[39m  Expected selector ".content-item p" to come before selector ".footer-section:hover p", at line 306         
                                                                                                                             
[2mno-descending-specificity[22m
  [2m561:29[22m  [33m[33mΓÜá[39m  Unexpected unknown value "rgb(6, 182, 212 / 40%)" for property "box-shadow"                                
                                                                                                                             
[2mdeclaration-property-value-no-unknown[22m
  [2m568:1[22m   [33m[33mΓÜá[39m  Expected selector ".footer-newsletter button:disabled" to come before selector ".footer-newsletter 
button:hover:not(:disabled)", at line 559                                                                                            
[2mno-descending-specificity[22m
  [2m573:1[22m   [33m[33mΓÜá[39m  Expected selector ".footer-newsletter button:focus-visible" to come before selector ".footer-newsletter 
button:hover:not(:disabled)", at line 559                                                                                       
[2mno-descending-specificity[22m
  [2m674:1[22m   [33m[33mΓÜá[39m  Expected selector ".footer-newsletter .consent a" to come before selector ".footer-section .social-links 
a:focus-visible", at line 388                                                                                                  
[2mno-descending-specificity[22m
  [2m811:5[22m   [33m[33mΓÜá[39m  Unexpected duplicate selector ".footer-section", first used at line 798                                    
                                                                                                                             
[2mno-duplicate-selectors[22m
  [2m977:5[22m   [33m[33mΓÜá[39m  Expected selector ".footer-bottom p" to come before selector ".footer-newsletter p:not(.form-message)", at 
line 933                                                                                                                     
[2mno-descending-specificity[22m

public/css/global/header.css
  [2m316:16[22m  [33m[33mΓÜá[39m  Expected "0.8125" to be "0.813"  [2mnumber-max-precision[22m

public/css/pages/about.css
  [2m243:1[22m  [33m[33mΓÜá[39m  Expected selector "#contact ul" to come before selector "#roadmap details ul", at line 185  
[2mno-descending-specificity[22m
  [2m249:1[22m  [33m[33mΓÜá[39m  Expected selector "#contact li" to come before selector "#roadmap details li", at line 192  
[2mno-descending-specificity[22m

public/css/pages/blog.css
   [2m720:1[22m   [33m[33mΓÜá[39m  Expected selector ".table-of-contents a" to come before selector ".blog-card h3 a", at line 463           
                                      [2mno-descending-specificity[22m
   [2m725:1[22m   [33m[33mΓÜá[39m  Expected selector ".table-of-contents a:hover" to come before selector ".blog-card h3 a:hover", at line 
468                                     [2mno-descending-specificity[22m
   [2m798:1[22m   [33m[33mΓÜá[39m  Unexpected duplicate selector ".stat-label", first used at line 553                                       
                                      [2mno-duplicate-selectors[22m
  [2m1228:1[22m   [33m[33mΓÜá[39m  Expected selector ".blog-newsletter-cta input[type="email"]" to come before selector ".blog-cta 
.form-group input[type="email"]", at line 1149  [2mno-descending-specificity[22m
  [2m1245:1[22m   [33m[33mΓÜá[39m  Expected selector ".blog-newsletter-cta .consent a" to come before selector ".blog-card h3 a:hover", at 
line 468                                [2mno-descending-specificity[22m
  [2m1257:1[22m   [33m[33mΓÜá[39m  Unexpected duplicate selector ".blog-post__tags", first used at line 295                                  
                                      [2mno-duplicate-selectors[22m
  [2m1270:1[22m   [33m[33mΓÜá[39m  Expected selector ".blog-post__tags .tag" to come before selector ".blog-post__tags .tag:hover", at line 
312                                    [2mno-descending-specificity[22m
  [2m1270:1[22m   [33m[33mΓÜá[39m  Unexpected duplicate selector ".blog-post__tags .tag", first used at line 302                             
                                      [2mno-duplicate-selectors[22m
  [2m1281:1[22m   [33m[33mΓÜá[39m  Unexpected duplicate selector ".blog-post__tags .tag:hover", first used at line 312                       
                                      [2mno-duplicate-selectors[22m
  [2m1288:1[22m   [33m[33mΓÜá[39m  Unexpected duplicate selector ".blog-card--highlight", first used at line 426                             
                                      [2mno-duplicate-selectors[22m
  [2m1293:1[22m   [33m[33mΓÜá[39m  Unexpected duplicate selector ".blog-card__tag--new", first used at line 449                              
                                      [2mno-duplicate-selectors[22m
  [2m1309:1[22m   [33m[33mΓÜá[39m  Unexpected duplicate selector ".blog-post__share", first used at line 334                                 
                                      [2mno-duplicate-selectors[22m
  [2m1345:16[22m  [33m[33mΓÜá[39m  Expected "0.8125" to be "0.813"                                                                           
                                      [2mnumber-max-precision[22m
  [2m1370:1[22m   [33m[33mΓÜá[39m  Unexpected duplicate selector ".blog-post__content pre", first used at line 244                           
                                      [2mno-duplicate-selectors[22m
  [2m1379:1[22m   [33m[33mΓÜá[39m  Expected selector ".blog-post__content code" to come before selector ".blog-post__content pre code", at 
line 257                                [2mno-descending-specificity[22m
  [2m1379:1[22m   [33m[33mΓÜá[39m  Unexpected duplicate selector ".blog-post__content code", first used at line 252                          
                                      [2mno-duplicate-selectors[22m
  [2m1384:1[22m   [33m[33mΓÜá[39m  Unexpected duplicate selector ".blog-post__content pre code", first used at line 257                      
                                      [2mno-duplicate-selectors[22m
  [2m1389:1[22m   [33m[33mΓÜá[39m  Unexpected duplicate selector ".blog-post__content :not(pre) > code", first used at line 263              
                                      [2mno-duplicate-selectors[22m
  [2m1397:1[22m   [33m[33mΓÜá[39m  Unexpected duplicate selector ".blog-post__cta", first used at line 317                                   
                                      [2mno-duplicate-selectors[22m
  [2m1405:1[22m   [33m[33mΓÜá[39m  Unexpected duplicate selector ".blog-post__cta h3", first used at line 325                                
                                      [2mno-duplicate-selectors[22m
  [2m1409:1[22m   [33m[33mΓÜá[39m  Unexpected duplicate selector ".blog-post__cta p", first used at line 329                                 
                                      [2mno-duplicate-selectors[22m
  [2m1468:1[22m   [33m[33mΓÜá[39m  Expected selector ".breadcrumbs a" to come before selector ".blog-card h3 a", at line 463                 
                                      [2mno-descending-specificity[22m
  [2m1473:1[22m   [33m[33mΓÜá[39m  Expected selector ".breadcrumbs a:hover" to come before selector ".blog-card h3 a:hover", at line 468     
                                      [2mno-descending-specificity[22m
  [2m1495:5[22m   [33m[33mΓÜá[39m  Unexpected deprecated property "clip"                                                                     
                                      [2mproperty-no-deprecated[22m
  [2m1524:1[22m   [33m[33mΓÜá[39m  Expected selector ".sources-list li" to come before selector ".breadcrumbs li:last-child", at line 1464   
                                      [2mno-descending-specificity[22m
  [2m1536:1[22m   [33m[33mΓÜá[39m  Expected selector ".sources-list li a" to come before selector ".blog-card h3 a:hover", at line 468       
                                      [2mno-descending-specificity[22m
  [2m1564:1[22m   [33m[33mΓÜá[39m  Expected selector "sup a" to come before selector ".blog-card h3 a", at line 463                          
                                      [2mno-descending-specificity[22m
  [2m1570:1[22m   [33m[33mΓÜá[39m  Expected selector "sup a:hover" to come before selector ".blog-card h3 a:hover", at line 468              
                                      [2mno-descending-specificity[22m
  [2m1612:1[22m   [33m[33mΓÜá[39m  Expected selector ".blog-post__byline a" to come before selector ".blog-card h3 a", at line 463           
                                      [2mno-descending-specificity[22m
  [2m1618:1[22m   [33m[33mΓÜá[39m  Expected selector ".blog-post__byline a:hover" to come before selector ".blog-card h3 a:hover", at line 
468                                     [2mno-descending-specificity[22m
  [2m1914:1[22m   [33m[33mΓÜá[39m  Expected selector ".testimonial__author cite" to come before selector ".blog-post__content blockquote 
cite", at line 236                        [2mno-descending-specificity[22m
  [2m2039:1[22m   [33m[33mΓÜá[39m  Unexpected duplicate selector ".terminal-output", first used at line 2009                                 
                                      [2mno-duplicate-selectors[22m
  [2m2050:1[22m   [33m[33mΓÜá[39m  Unexpected duplicate selector ".terminal-output .command", first used at line 2020                        
                                      [2mno-duplicate-selectors[22m
  [2m2054:1[22m   [33m[33mΓÜá[39m  Unexpected duplicate selector ".code-filename", first used at line 1998                                   
                                      [2mno-duplicate-selectors[22m
  [2m2071:1[22m   [33m[33mΓÜá[39m  Unexpected duplicate selector ".step-number", first used at line 2024                                     
                                      [2mno-duplicate-selectors[22m

public/css/pages/case-studies.css
  [2m300:1[22m  [33m[33mΓÜá[39m  Unexpected duplicate selector ".metric", first used at line 135                              
[2mno-duplicate-selectors[22m
  [2m545:1[22m  [33m[33mΓÜá[39m  Expected selector "blockquote p" to come before selector ".case-studies-hero p", at line 20  
[2mno-descending-specificity[22m

public/css/pages/community.css
  [2m345:1[22m  [33m[33mΓÜá[39m  Unexpected duplicate selector ".contribution-steps", first used at line 314                                 
             [2mno-duplicate-selectors[22m
  [2m521:1[22m  [33m[33mΓÜá[39m  Expected selector ".help-tier li::before" to come before selector ".conduct-column:first-child li::before", 
at line 446  [2mno-descending-specificity[22m

public/css/pages/index.css
    [2m67:1[22m   [33m[33mΓÜá[39m  Expected selector ".benefits-grid .benefit-item" to come before selector "#key-benefits .benefit-item", 
at line 66                                                                [2mno-descending-specificity[22m
    [2m74:1[22m   [33m[33mΓÜá[39m  Expected selector ".benefit-item" to come before selector "#key-benefits .benefit-item", at line 66       
                                                                        [2mno-descending-specificity[22m
   [2m106:1[22m   [33m[33mΓÜá[39m  Expected selector ".benefit-item:hover" to come before selector "#key-benefits .benefit-item", at line 66 
                                                                        [2mno-descending-specificity[22m
   [2m164:1[22m   [33m[33mΓÜá[39m  Expected selector ".benefits-grid .benefit-item:nth-child(2)" to come before selector "#key-benefits 
.benefit-item", at line 66                                                   [2mno-descending-specificity[22m
   [2m177:1[22m   [33m[33mΓÜá[39m  Expected selector ".benefits-grid .benefit-item:nth-child(3)" to come before selector "#key-benefits 
.benefit-item", at line 66                                                   [2mno-descending-specificity[22m
   [2m181:1[22m   [33m[33mΓÜá[39m  Expected selector ".benefits-grid .benefit-item:nth-child(3) .benefit-icon" to come before selector 
".benefits-grid .benefit-item:nth-child(2):hover .benefit-icon", at line 173  [2mno-descending-specificity[22m
   [2m358:17[22m  [33m[33mΓÜá[39m  Unexpected deprecated keyword "break-word" for property "word-break"                                      
                                                                        [2mdeclaration-property-value-keyword-no-deprecated[22m
   [2m474:1[22m   [33m[33mΓÜá[39m  Expected selector ".feature-icon" to come before selector ".feature-card.featured .feature-icon", at line 
418                                                                     [2mno-descending-specificity[22m
   [2m563:1[22m   [33m[33mΓÜá[39m  Expected selector ".comparison-item h3" to come before selector ".feature-card.featured h3", at line 424  
                                                                        [2mno-descending-specificity[22m
   [2m837:1[22m   [33m[33mΓÜá[39m  Expected selector ".testimonial-info p" to come before selector ".feature-card.featured p", at line 431   
                                                                        [2mno-descending-specificity[22m
  [2m1000:1[22m   [33m[33mΓÜá[39m  Expected selector ".testimonial__content p" to come before selector ".feature-card.featured p", at line 
431                                                                       [2mno-descending-specificity[22m
  [2m1228:1[22m   [33m[33mΓÜá[39m  Expected selector ".cta-subtitle p" to come before selector ".feature-card.featured p", at line 431       
                                                                        [2mno-descending-specificity[22m
  [2m1582:21[22m  [33m[33mΓÜá[39m  Unexpected deprecated keyword "break-word" for property "word-break"                                      
                                                                        [2mdeclaration-property-value-keyword-no-deprecated[22m
  [2m1642:1[22m   [33m[33mΓÜá[39m  Expected selector "pre" to come before selector ".feature-card pre", at line 338                          
                                                                        [2mno-descending-specificity[22m
  [2m1657:1[22m   [33m[33mΓÜá[39m  Expected selector "pre code" to come before selector ".feature-card code", at line 356                    
                                                                        [2mno-descending-specificity[22m
  [2m1739:1[22m   [33m[33mΓÜá[39m  Expected selector ".feature-highlight p" to come before selector ".feature-card.featured p", at line 431  
                                                                        [2mno-descending-specificity[22m

public/css/pages/pricing.css
  [2m1130:1[22m  [31m[31mΓ£û[39m  Unclosed block  [2mCssSyntaxError[22m

public/css/pages/blog/post.css
   [2m56:16[22m  [33m[33mΓÜá[39m  Expected "0.8125" to be "0.813"  [2mnumber-max-precision[22m
  [2m124:16[22m  [33m[33mΓÜá[39m  Expected "1.0625" to be "1.063"  [2mnumber-max-precision[22m
  [2m488:20[22m  [33m[33mΓÜá[39m  Expected "0.9375" to be "0.938"  [2mnumber-max-precision[22m

public/css/pages/blog/stats.css
  [2m290:20[22m  [33m[33mΓÜá[39m  Expected "0.8125" to be "0.813"  [2mnumber-max-precision[22m

public/css/pages/index/benefits.css
  [2m154:1[22m  [33m[33mΓÜá[39m  Expected selector ".benefit-item--primary .benefit-icon" to come before selector ".benefit-item:hover 
.benefit-icon", at line 115                                                 [2mno-descending-specificity[22m
  [2m184:1[22m  [33m[33mΓÜá[39m  Expected selector ".benefits-grid .benefit-item:nth-child(3) .benefit-icon" to come before selector 
".benefits-grid .benefit-item:nth-child(2):hover .benefit-icon", at line 174  [2mno-descending-specificity[22m

public/css/pages/index/features.css
   [2m91:17[22m  [33m[33mΓÜá[39m  Unexpected deprecated keyword "break-word" for property "word-break"                                       
    [2mdeclaration-property-value-keyword-no-deprecated[22m
  [2m204:1[22m   [33m[33mΓÜá[39m  Expected selector ".feature-icon" to come before selector ".feature-card.featured .feature-icon", at line 
150  [2mno-descending-specificity[22m
  [2m225:1[22m   [33m[33mΓÜá[39m  Unexpected duplicate selector ".features-grid", first used at line 46                                      
    [2mno-duplicate-selectors[22m
  [2m232:1[22m   [33m[33mΓÜá[39m  Unexpected duplicate selector ".features-grid", first used at line 46                                      
    [2mno-duplicate-selectors[22m

public/css/pages/index/hero-animations.css
   [2m3:10[22m  [33m[33mΓÜá[39m  Expected no more than 1 declaration  [2mdeclaration-block-single-line-max-declarations[22m
   [2m4:8[22m   [33m[33mΓÜá[39m  Expected no more than 1 declaration  [2mdeclaration-block-single-line-max-declarations[22m
   [2m8:10[22m  [33m[33mΓÜá[39m  Expected no more than 1 declaration  [2mdeclaration-block-single-line-max-declarations[22m
   [2m9:8[22m   [33m[33mΓÜá[39m  Expected no more than 1 declaration  [2mdeclaration-block-single-line-max-declarations[22m
  [2m13:10[22m  [33m[33mΓÜá[39m  Expected no more than 1 declaration  [2mdeclaration-block-single-line-max-declarations[22m
  [2m14:8[22m   [33m[33mΓÜá[39m  Expected no more than 1 declaration  [2mdeclaration-block-single-line-max-declarations[22m

public/css/pages/index/hero.css
  [2m160:5[22m  [33m[33mΓÜá[39m  Expected empty line before comment  [2mcomment-empty-line-before[22m
  [2m831:5[22m  [33m[33mΓÜá[39m  Expected empty line before comment  [2mcomment-empty-line-before[22m

public/css/pages/pricing/cards.css
   [2m24:5[22m   [33m[33mΓÜá[39m  Expected shorthand property "inset"                                                          
[2mdeclaration-block-no-redundant-longhand-properties[22m
   [2m67:5[22m   [33m[33mΓÜá[39m  Expected shorthand property "inset"                                                          
[2mdeclaration-block-no-redundant-longhand-properties[22m
   [2m92:66[22m  [33m[33mΓÜá[39m  Unexpected hex color "#3b82f6"                                                               
[2mcolor-no-hex[22m
  [2m115:41[22m  [33m[33mΓÜá[39m  Unexpected hex color "#fbbf24"                                                               
[2mcolor-no-hex[22m
  [2m115:53[22m  [33m[33mΓÜá[39m  Unexpected hex color "#f59e0b"                                                               
[2mcolor-no-hex[22m
  [2m116:12[22m  [33m[33mΓÜá[39m  Unexpected hex color "#1f2937"                                                               
[2mcolor-no-hex[22m
  [2m128:1[22m   [33m[33mΓÜá[39m  Expected selector ".pricing-card" to come before selector ".pricing-card:hover", at line 74  
[2mno-descending-specificity[22m
  [2m128:1[22m   [33m[33mΓÜá[39m  Unexpected duplicate selector ".pricing-card", first used at line 45                         
[2mno-duplicate-selectors[22m
  [2m242:1[22m   [33m[33mΓÜá[39m  Expected empty line before rule                                                              
[2mrule-empty-line-before[22m
  [2m300:5[22m   [33m[33mΓÜá[39m  Expected empty line before comment                                                           
[2mcomment-empty-line-before[22m
  [2m320:9[22m   [33m[33mΓÜá[39m  Expected empty line before comment                                                           
[2mcomment-empty-line-before[22m
  [2m326:9[22m   [33m[33mΓÜá[39m  Expected shorthand property "place-items"                                                    
[2mdeclaration-block-no-redundant-longhand-properties[22m
  [2m376:9[22m   [33m[33mΓÜá[39m  Expected empty line before comment                                                           
[2mcomment-empty-line-before[22m
  [2m386:9[22m   [33m[33mΓÜá[39m  Expected empty line before comment                                                           
[2mcomment-empty-line-before[22m

public/css/pages/pricing/contact-form.css
  [2m137:16[22m  [33m[33mΓÜá[39m  Expected "0.8125" to be "0.813"  [2mnumber-max-precision[22m
  [2m144:16[22m  [33m[33mΓÜá[39m  Expected "0.8125" to be "0.813"  [2mnumber-max-precision[22m
  [2m158:16[22m  [33m[33mΓÜá[39m  Expected "0.8125" to be "0.813"  [2mnumber-max-precision[22m

public/css/pages/pricing/hero.css
   [2m27:5[22m   [33m[33mΓÜá[39m  Expected shorthand property "inset"                                      
[2mdeclaration-block-no-redundant-longhand-properties[22m
   [2m80:14[22m  [33m[33mΓÜá[39m  Expected "0.875rem 0.875rem" to be "0.875rem"                            
[2mshorthand-property-no-redundant-values[22m
  [2m347:2[22m   [33m[33mΓÜá[39m  Expected empty line before rule                                          [2mrule-empty-line-before[22m
  [2m379:1[22m   [33m[33mΓÜá[39m  Unexpected duplicate selector ".highlight-icon", first used at line 251  [2mno-duplicate-selectors[22m

public/css/pages/pricing/social-proof.css
   [2m86:5[22m  [33m[33mΓÜá[39m  Expected empty line before comment  [2mcomment-empty-line-before[22m
   [2m89:5[22m  [33m[33mΓÜá[39m  Expected empty line before comment  [2mcomment-empty-line-before[22m
  [2m438:5[22m  [33m[33mΓÜá[39m  Expected empty line before rule     [2mrule-empty-line-before[22m

[31mΓ£û[39m 231 problems ([31m1 error[39m, [33m230 warnings[39m)
  38 warnings potentially fixable with the "--fix" option.

