
========== TEST 1: AI Engine Basic Schema Generation ==========
Request: 1 page, enhance=false
Error: The remote server returned an error: (401) Unauthorized.

========== TEST 2: Multiple Pages ==========
Request: 2 pages
Error: The remote server returned an error: (401) Unauthorized.

========== TEST 3: Specific Schema Type Requested ==========
Request: Product schema specifically
Error: The remote server returned an error: (401) Unauthorized.

========== TEST 4: VA Proxy Endpoint ==========
Request to VA proxy endpoint
Error: The remote server returned an error: (401) Unauthorized.

========== TEST 5: Validation - Empty Pages ==========
Request: empty pages array (should fail validation)
Validation error caught (expected): The remote server returned an error: (401) Unauthorized.
  HTTP Status: Unauthorized

========== TEST 6: Markup Structure ==========
Request: Inspect JSON-LD markup structure
Error: The remote server returned an error: (401) Unauthorized.

 + = * 60
API ENDPOINT TESTS COMPLETED
= * 60
